[    2469ms] [WARNING] [Vue warn]: Directive "motion-slide-left" has already been registered in target app. @ http://localhost:3001/_nuxt/@fs/Users/markuswagner/projects/riddle-rush-mono-repo/node_modules/.pnpm/@vue+runtime-core@3.5.26/node_modules/@vue/runtime-core/dist/runtime-core.esm-bundler.js?v=570cbcfd:49
[    2469ms] [WARNING] [Vue warn]: Directive "motion-slide-right" has already been registered in target app. @ http://localhost:3001/_nuxt/@fs/Users/markuswagner/projects/riddle-rush-mono-repo/node_modules/.pnpm/@vue+runtime-core@3.5.26/node_modules/@vue/runtime-core/dist/runtime-core.esm-bundler.js?v=570cbcfd:49
[    2470ms] [WARNING] [Vue warn]: Directive "motion-fade" has already been registered in target app. @ http://localhost:3001/_nuxt/@fs/Users/markuswagner/projects/riddle-rush-mono-repo/node_modules/.pnpm/@vue+runtime-core@3.5.26/node_modules/@vue/runtime-core/dist/runtime-core.esm-bundler.js?v=570cbcfd:49
[    2635ms] [WARNING] [WARN] [Feature Flags] GitLab Feature Flags not configured. Using fallback to local settings. @ http://localhost:3001/_nuxt/composables/useLogger.ts:26
[    2646ms] [WARNING] [Vue warn]: onUnmounted is called when there is no active component instance to be associated with. Lifecycle injection APIs can only be used during execution of setup(). If you are using async setup(), make sure to register lifecycle hooks before the first await statement. @ http://localhost:3001/_nuxt/@fs/Users/markuswagner/projects/riddle-rush-mono-repo/node_modules/.pnpm/@vue+runtime-core@3.5.26/node_modules/@vue/runtime-core/dist/runtime-core.esm-bundler.js?v=570cbcfd:49
[    2726ms] [WARNING] [nuxt] Your project has pages but the `<NuxtPage />` component has not been used. You might be using the `<RouterView />` component instead, which will not work correctly in Nuxt. You can set `pages: false` in `nuxt.config` if you do not wish to use the Nuxt `vue-router` integration. @ http://localhost:3001/_nuxt/@fs/Users/markuswagner/projects/riddle-rush-mono-repo/node_modules/.pnpm/nuxt@4.3.0_@parcel+watcher@2.5.1_@types+node@22.19.5_@vercel+functions@3.3.4_@aws-sdk+c_27830d78cbf124f7a1a53fc7709f21a2/node_modules/nuxt/dist/pages/runtime/plugins/check-if-page-unused.js?v=570cbcfd:10
[    2726ms] [WARNING] [nuxt] Your project has layouts but the `<NuxtLayout />` component has not been used. @ http://localhost:3001/_nuxt/@fs/Users/markuswagner/projects/riddle-rush-mono-repo/node_modules/.pnpm/nuxt@4.3.0_@parcel+watcher@2.5.1_@types+node@22.19.5_@vercel+functions@3.3.4_@aws-sdk+c_27830d78cbf124f7a1a53fc7709f21a2/node_modules/nuxt/dist/app/plugins/check-if-layout-used.js?v=570cbcfd:11
[    6336ms] [WARNING] [intlify] Not found 'menu.menu' key in 'de' locale messages. @ http://localhost:3001/_nuxt/@fs/Users/markuswagner/projects/riddle-rush-mono-repo/node_modules/.pnpm/@intlify+shared@11.2.8/node_modules/@intlify/shared/dist/shared.mjs?v=570cbcfd:7
[    6336ms] [WARNING] [intlify] Fall back to translate 'menu.menu' key with 'en' locale. @ http://localhost:3001/_nuxt/@fs/Users/markuswagner/projects/riddle-rush-mono-repo/node_modules/.pnpm/@intlify+shared@11.2.8/node_modules/@intlify/shared/dist/shared.mjs?v=570cbcfd:7
[    6336ms] [WARNING] [intlify] Not found 'menu.menu' key in 'en' locale messages. @ http://localhost:3001/_nuxt/@fs/Users/markuswagner/projects/riddle-rush-mono-repo/node_modules/.pnpm/@intlify+shared@11.2.8/node_modules/@intlify/shared/dist/shared.mjs?v=570cbcfd:7
[    6337ms] [WARNING] [intlify] Not found 'menu.options' key in 'de' locale messages. @ http://localhost:3001/_nuxt/@fs/Users/markuswagner/projects/riddle-rush-mono-repo/node_modules/.pnpm/@intlify+shared@11.2.8/node_modules/@intlify/shared/dist/shared.mjs?v=570cbcfd:7
[    6338ms] [WARNING] [intlify] Fall back to translate 'menu.options' key with 'en' locale. @ http://localhost:3001/_nuxt/@fs/Users/markuswagner/projects/riddle-rush-mono-repo/node_modules/.pnpm/@intlify+shared@11.2.8/node_modules/@intlify/shared/dist/shared.mjs?v=570cbcfd:7
[    6338ms] [WARNING] [intlify] Not found 'menu.options' key in 'en' locale messages. @ http://localhost:3001/_nuxt/@fs/Users/markuswagner/projects/riddle-rush-mono-repo/node_modules/.pnpm/@intlify+shared@11.2.8/node_modules/@intlify/shared/dist/shared.mjs?v=570cbcfd:7
[    6341ms] [WARNING] [WARN] Failed to measure performance: page-transition SyntaxError: Failed to execute 'measure' on 'Performance': The mark 'page-transition-start' does not exist.
    at measure (http://localhost:3001/_nuxt/composables/usePerformance.ts:29:19)
    at http://localhost:3001/_nuxt/plugins/performance.client.ts:24:5
    at http://localhost:3001/_nuxt/@fs/Users/markuswagner/projects/riddle-rush-mono-repo/node_modules/.pnpm/hookable@5.5.3/node_modules/hookable/dist/index.mjs?v=570cbcfd:48:66
    at http://localhost:3001/_nuxt/@fs/Users/markuswagner/projects/riddle-rush-mono-repo/node_modules/.pnpm/hookable@5.5.3/node_modules/hookable/dist/index.mjs?v=570cbcfd:48:56
    at async onResolve (http://localhost:3001/_nuxt/@fs/Users/markuswagner/projects/riddle-rush-mono-repo/node_modules/.pnpm/nuxt@4.3.0_@parcel+watcher@2.5.1_@types+node@22.19.5_@vercel+functions@3.3.4_@aws-sdk+c_27830d78cbf124f7a1a53fc7709f21a2/node_modules/nuxt/dist/pages/runtime/page.js?v=570cbcfd:146:21) @ http://localhost:3001/_nuxt/composables/useLogger.ts:26
[    7943ms] [WARNING] [Vue warn]: Directive "motion-slide-left" has already been registered in target app. @ http://localhost:3001/_nuxt/@fs/Users/markuswagner/projects/riddle-rush-mono-repo/node_modules/.pnpm/@vue+runtime-core@3.5.26/node_modules/@vue/runtime-core/dist/runtime-core.esm-bundler.js?v=570cbcfd:49
[    7943ms] [WARNING] [Vue warn]: Directive "motion-slide-right" has already been registered in target app. @ http://localhost:3001/_nuxt/@fs/Users/markuswagner/projects/riddle-rush-mono-repo/node_modules/.pnpm/@vue+runtime-core@3.5.26/node_modules/@vue/runtime-core/dist/runtime-core.esm-bundler.js?v=570cbcfd:49
[    7943ms] [WARNING] [Vue warn]: Directive "motion-fade" has already been registered in target app. @ http://localhost:3001/_nuxt/@fs/Users/markuswagner/projects/riddle-rush-mono-repo/node_modules/.pnpm/@vue+runtime-core@3.5.26/node_modules/@vue/runtime-core/dist/runtime-core.esm-bundler.js?v=570cbcfd:49
[    7983ms] [WARNING] [WARN] [Feature Flags] GitLab Feature Flags not configured. Using fallback to local settings. @ http://localhost:3001/_nuxt/composables/useLogger.ts:26
[    7985ms] [WARNING] [Vue warn]: onUnmounted is called when there is no active component instance to be associated with. Lifecycle injection APIs can only be used during execution of setup(). If you are using async setup(), make sure to register lifecycle hooks before the first await statement. @ http://localhost:3001/_nuxt/@fs/Users/markuswagner/projects/riddle-rush-mono-repo/node_modules/.pnpm/@vue+runtime-core@3.5.26/node_modules/@vue/runtime-core/dist/runtime-core.esm-bundler.js?v=570cbcfd:49
[    8089ms] [WARNING] [nuxt] Your project has pages but the `<NuxtPage />` component has not been used. You might be using the `<RouterView />` component instead, which will not work correctly in Nuxt. You can set `pages: false` in `nuxt.config` if you do not wish to use the Nuxt `vue-router` integration. @ http://localhost:3001/_nuxt/@fs/Users/markuswagner/projects/riddle-rush-mono-repo/node_modules/.pnpm/nuxt@4.3.0_@parcel+watcher@2.5.1_@types+node@22.19.5_@vercel+functions@3.3.4_@aws-sdk+c_27830d78cbf124f7a1a53fc7709f21a2/node_modules/nuxt/dist/pages/runtime/plugins/check-if-page-unused.js?v=570cbcfd:10
[    8089ms] [WARNING] [nuxt] Your project has layouts but the `<NuxtLayout />` component has not been used. @ http://localhost:3001/_nuxt/@fs/Users/markuswagner/projects/riddle-rush-mono-repo/node_modules/.pnpm/nuxt@4.3.0_@parcel+watcher@2.5.1_@types+node@22.19.5_@vercel+functions@3.3.4_@aws-sdk+c_27830d78cbf124f7a1a53fc7709f21a2/node_modules/nuxt/dist/app/plugins/check-if-layout-used.js?v=570cbcfd:11
[   11421ms] [WARNING] [intlify] Not found 'menu.menu' key in 'de' locale messages. @ http://localhost:3001/_nuxt/@fs/Users/markuswagner/projects/riddle-rush-mono-repo/node_modules/.pnpm/@intlify+shared@11.2.8/node_modules/@intlify/shared/dist/shared.mjs?v=570cbcfd:7
[   11422ms] [WARNING] [intlify] Fall back to translate 'menu.menu' key with 'en' locale. @ http://localhost:3001/_nuxt/@fs/Users/markuswagner/projects/riddle-rush-mono-repo/node_modules/.pnpm/@intlify+shared@11.2.8/node_modules/@intlify/shared/dist/shared.mjs?v=570cbcfd:7
[   11422ms] [WARNING] [intlify] Not found 'menu.menu' key in 'en' locale messages. @ http://localhost:3001/_nuxt/@fs/Users/markuswagner/projects/riddle-rush-mono-repo/node_modules/.pnpm/@intlify+shared@11.2.8/node_modules/@intlify/shared/dist/shared.mjs?v=570cbcfd:7
[   11423ms] [WARNING] [intlify] Not found 'menu.options' key in 'de' locale messages. @ http://localhost:3001/_nuxt/@fs/Users/markuswagner/projects/riddle-rush-mono-repo/node_modules/.pnpm/@intlify+shared@11.2.8/node_modules/@intlify/shared/dist/shared.mjs?v=570cbcfd:7
[   11423ms] [WARNING] [intlify] Fall back to translate 'menu.options' key with 'en' locale. @ http://localhost:3001/_nuxt/@fs/Users/markuswagner/projects/riddle-rush-mono-repo/node_modules/.pnpm/@intlify+shared@11.2.8/node_modules/@intlify/shared/dist/shared.mjs?v=570cbcfd:7
[   11423ms] [WARNING] [intlify] Not found 'menu.options' key in 'en' locale messages. @ http://localhost:3001/_nuxt/@fs/Users/markuswagner/projects/riddle-rush-mono-repo/node_modules/.pnpm/@intlify+shared@11.2.8/node_modules/@intlify/shared/dist/shared.mjs?v=570cbcfd:7
[   11428ms] [WARNING] [WARN] Failed to measure performance: page-transition SyntaxError: Failed to execute 'measure' on 'Performance': The mark 'page-transition-start' does not exist.
    at measure (http://localhost:3001/_nuxt/composables/usePerformance.ts:29:19)
    at http://localhost:3001/_nuxt/plugins/performance.client.ts:24:5
    at http://localhost:3001/_nuxt/@fs/Users/markuswagner/projects/riddle-rush-mono-repo/node_modules/.pnpm/hookable@5.5.3/node_modules/hookable/dist/index.mjs?v=570cbcfd:48:66
    at http://localhost:3001/_nuxt/@fs/Users/markuswagner/projects/riddle-rush-mono-repo/node_modules/.pnpm/hookable@5.5.3/node_modules/hookable/dist/index.mjs?v=570cbcfd:48:56
    at async onResolve (http://localhost:3001/_nuxt/@fs/Users/markuswagner/projects/riddle-rush-mono-repo/node_modules/.pnpm/nuxt@4.3.0_@parcel+watcher@2.5.1_@types+node@22.19.5_@vercel+functions@3.3.4_@aws-sdk+c_27830d78cbf124f7a1a53fc7709f21a2/node_modules/nuxt/dist/pages/runtime/page.js?v=570cbcfd:146:21) @ http://localhost:3001/_nuxt/composables/useLogger.ts:26
[   35865ms] [WARNING] [nuxt] Cannot load payload  /players/_payload.json?dev SyntaxError: Unexpected token '<', "<!DOCTYPE "... is not valid JSON
    at JSON.parse (<anonymous>)
    at parse (http://localhost:3001/_nuxt/@fs/Users/markuswagner/projects/riddle-rush-mono-repo/node_modules/.pnpm/devalue@5.6.2/node_modules/devalue/src/parse.js?v=570cbcfd:17:24)
    at parsePayload (http://localhost:3001/_nuxt/@fs/Users/markuswagner/projects/riddle-rush-mono-repo/node_modules/.pnpm/nuxt@4.3.0_@parcel+watcher@2.5.1_@types+node@22.19.5_@vercel+functions@3.3.4_@aws-sdk+c_27830d78cbf124f7a1a53fc7709f21a2/node_modules/nuxt/dist/app/composables/payload.js?v=570cbcfd:141:16)
    at async _importPayload (http://localhost:3001/_nuxt/@fs/Users/markuswagner/projects/riddle-rush-mono-repo/node_modules/.pnpm/nuxt@4.3.0_@parcel+watcher@2.5.1_@types+node@22.19.5_@vercel+functions@3.3.4_@aws-sdk+c_27830d78cbf124f7a1a53fc7709f21a2/node_modules/nuxt/dist/app/composables/payload.js?v=570cbcfd:76:12)
    at async loadPayload (http://localhost:3001/_nuxt/@fs/Users/markuswagner/projects/riddle-rush-mono-repo/node_modules/.pnpm/nuxt@4.3.0_@parcel+watcher@2.5.1_@types+node@22.19.5_@vercel+functions@3.3.4_@aws-sdk+c_27830d78cbf124f7a1a53fc7709f21a2/node_modules/nuxt/dist/app/composables/payload.js?v=570cbcfd:15:12)
    at async http://localhost:3001/_nuxt/@fs/Users/markuswagner/projects/riddle-rush-mono-repo/node_modules/.pnpm/nuxt@4.3.0_@parcel+watcher@2.5.1_@types+node@22.19.5_@vercel+functions@3.3.4_@aws-sdk+c_27830d78cbf124f7a1a53fc7709f21a2/node_modules/nuxt/dist/app/plugins/payload.client.js?v=570cbcfd:15:23 @ http://localhost:3001/_nuxt/@fs/Users/markuswagner/projects/riddle-rush-mono-repo/node_modules/.pnpm/nuxt@4.3.0_@parcel+watcher@2.5.1_@types+node@22.19.5_@vercel+functions@3.3.4_@aws-sdk+c_27830d78cbf124f7a1a53fc7709f21a2/node_modules/nuxt/dist/app/composables/payload.js?v=570cbcfd:77
[   35899ms] [WARNING] [WARN] Failed to measure performance: page-transition SyntaxError: Failed to execute 'measure' on 'Performance': The mark 'page-transition-start' does not exist.
    at measure (http://localhost:3001/_nuxt/composables/usePerformance.ts:29:19)
    at http://localhost:3001/_nuxt/plugins/performance.client.ts:24:5
    at http://localhost:3001/_nuxt/@fs/Users/markuswagner/projects/riddle-rush-mono-repo/node_modules/.pnpm/hookable@5.5.3/node_modules/hookable/dist/index.mjs?v=570cbcfd:48:66
    at http://localhost:3001/_nuxt/@fs/Users/markuswagner/projects/riddle-rush-mono-repo/node_modules/.pnpm/hookable@5.5.3/node_modules/hookable/dist/index.mjs?v=570cbcfd:48:56
    at async onResolve (http://localhost:3001/_nuxt/@fs/Users/markuswagner/projects/riddle-rush-mono-repo/node_modules/.pnpm/nuxt@4.3.0_@parcel+watcher@2.5.1_@types+node@22.19.5_@vercel+functions@3.3.4_@aws-sdk+c_27830d78cbf124f7a1a53fc7709f21a2/node_modules/nuxt/dist/pages/runtime/page.js?v=570cbcfd:146:21) @ http://localhost:3001/_nuxt/composables/useLogger.ts:26
[   57926ms] [WARNING] [Vue warn]: Directive "motion-slide-left" has already been registered in target app. @ http://localhost:3001/_nuxt/@fs/Users/markuswagner/projects/riddle-rush-mono-repo/node_modules/.pnpm/@vue+runtime-core@3.5.26/node_modules/@vue/runtime-core/dist/runtime-core.esm-bundler.js?v=570cbcfd:49
[   57927ms] [WARNING] [Vue warn]: Directive "motion-slide-right" has already been registered in target app. @ http://localhost:3001/_nuxt/@fs/Users/markuswagner/projects/riddle-rush-mono-repo/node_modules/.pnpm/@vue+runtime-core@3.5.26/node_modules/@vue/runtime-core/dist/runtime-core.esm-bundler.js?v=570cbcfd:49
[   57927ms] [WARNING] [Vue warn]: Directive "motion-fade" has already been registered in target app. @ http://localhost:3001/_nuxt/@fs/Users/markuswagner/projects/riddle-rush-mono-repo/node_modules/.pnpm/@vue+runtime-core@3.5.26/node_modules/@vue/runtime-core/dist/runtime-core.esm-bundler.js?v=570cbcfd:49
[   57961ms] [WARNING] [WARN] [Feature Flags] GitLab Feature Flags not configured. Using fallback to local settings. @ http://localhost:3001/_nuxt/composables/useLogger.ts:26
[   57962ms] [WARNING] [Vue warn]: onUnmounted is called when there is no active component instance to be associated with. Lifecycle injection APIs can only be used during execution of setup(). If you are using async setup(), make sure to register lifecycle hooks before the first await statement. @ http://localhost:3001/_nuxt/@fs/Users/markuswagner/projects/riddle-rush-mono-repo/node_modules/.pnpm/@vue+runtime-core@3.5.26/node_modules/@vue/runtime-core/dist/runtime-core.esm-bundler.js?v=570cbcfd:49
[   57995ms] [WARNING] [nuxt] Your project has pages but the `<NuxtPage />` component has not been used. You might be using the `<RouterView />` component instead, which will not work correctly in Nuxt. You can set `pages: false` in `nuxt.config` if you do not wish to use the Nuxt `vue-router` integration. @ http://localhost:3001/_nuxt/@fs/Users/markuswagner/projects/riddle-rush-mono-repo/node_modules/.pnpm/nuxt@4.3.0_@parcel+watcher@2.5.1_@types+node@22.19.5_@vercel+functions@3.3.4_@aws-sdk+c_27830d78cbf124f7a1a53fc7709f21a2/node_modules/nuxt/dist/pages/runtime/plugins/check-if-page-unused.js?v=570cbcfd:10
[   57995ms] [WARNING] [nuxt] Your project has layouts but the `<NuxtLayout />` component has not been used. @ http://localhost:3001/_nuxt/@fs/Users/markuswagner/projects/riddle-rush-mono-repo/node_modules/.pnpm/nuxt@4.3.0_@parcel+watcher@2.5.1_@types+node@22.19.5_@vercel+functions@3.3.4_@aws-sdk+c_27830d78cbf124f7a1a53fc7709f21a2/node_modules/nuxt/dist/app/plugins/check-if-layout-used.js?v=570cbcfd:11
[   61356ms] [WARNING] [WARN] Failed to measure performance: page-transition SyntaxError: Failed to execute 'measure' on 'Performance': The mark 'page-transition-start' does not exist.
    at measure (http://localhost:3001/_nuxt/composables/usePerformance.ts:29:19)
    at http://localhost:3001/_nuxt/plugins/performance.client.ts:24:5
    at http://localhost:3001/_nuxt/@fs/Users/markuswagner/projects/riddle-rush-mono-repo/node_modules/.pnpm/hookable@5.5.3/node_modules/hookable/dist/index.mjs?v=570cbcfd:48:66
    at http://localhost:3001/_nuxt/@fs/Users/markuswagner/projects/riddle-rush-mono-repo/node_modules/.pnpm/hookable@5.5.3/node_modules/hookable/dist/index.mjs?v=570cbcfd:48:56
    at async onResolve (http://localhost:3001/_nuxt/@fs/Users/markuswagner/projects/riddle-rush-mono-repo/node_modules/.pnpm/nuxt@4.3.0_@parcel+watcher@2.5.1_@types+node@22.19.5_@vercel+functions@3.3.4_@aws-sdk+c_27830d78cbf124f7a1a53fc7709f21a2/node_modules/nuxt/dist/pages/runtime/page.js?v=570cbcfd:146:21) @ http://localhost:3001/_nuxt/composables/useLogger.ts:26
[   62771ms] [WARNING] [nuxt] Cannot load payload  /_payload.json?dev SyntaxError: Unexpected token '<', "<!DOCTYPE "... is not valid JSON
    at JSON.parse (<anonymous>)
    at parse (http://localhost:3001/_nuxt/@fs/Users/markuswagner/projects/riddle-rush-mono-repo/node_modules/.pnpm/devalue@5.6.2/node_modules/devalue/src/parse.js?v=570cbcfd:17:24)
    at parsePayload (http://localhost:3001/_nuxt/@fs/Users/markuswagner/projects/riddle-rush-mono-repo/node_modules/.pnpm/nuxt@4.3.0_@parcel+watcher@2.5.1_@types+node@22.19.5_@vercel+functions@3.3.4_@aws-sdk+c_27830d78cbf124f7a1a53fc7709f21a2/node_modules/nuxt/dist/app/composables/payload.js?v=570cbcfd:141:16)
    at async _importPayload (http://localhost:3001/_nuxt/@fs/Users/markuswagner/projects/riddle-rush-mono-repo/node_modules/.pnpm/nuxt@4.3.0_@parcel+watcher@2.5.1_@types+node@22.19.5_@vercel+functions@3.3.4_@aws-sdk+c_27830d78cbf124f7a1a53fc7709f21a2/node_modules/nuxt/dist/app/composables/payload.js?v=570cbcfd:76:12)
    at async loadPayload (http://localhost:3001/_nuxt/@fs/Users/markuswagner/projects/riddle-rush-mono-repo/node_modules/.pnpm/nuxt@4.3.0_@parcel+watcher@2.5.1_@types+node@22.19.5_@vercel+functions@3.3.4_@aws-sdk+c_27830d78cbf124f7a1a53fc7709f21a2/node_modules/nuxt/dist/app/composables/payload.js?v=570cbcfd:15:12)
    at async http://localhost:3001/_nuxt/@fs/Users/markuswagner/projects/riddle-rush-mono-repo/node_modules/.pnpm/nuxt@4.3.0_@parcel+watcher@2.5.1_@types+node@22.19.5_@vercel+functions@3.3.4_@aws-sdk+c_27830d78cbf124f7a1a53fc7709f21a2/node_modules/nuxt/dist/app/plugins/payload.client.js?v=570cbcfd:15:23 @ http://localhost:3001/_nuxt/@fs/Users/markuswagner/projects/riddle-rush-mono-repo/node_modules/.pnpm/nuxt@4.3.0_@parcel+watcher@2.5.1_@types+node@22.19.5_@vercel+functions@3.3.4_@aws-sdk+c_27830d78cbf124f7a1a53fc7709f21a2/node_modules/nuxt/dist/app/composables/payload.js?v=570cbcfd:77
[   62774ms] [WARNING] [intlify] Not found 'menu.menu' key in 'de' locale messages. @ http://localhost:3001/_nuxt/@fs/Users/markuswagner/projects/riddle-rush-mono-repo/node_modules/.pnpm/@intlify+shared@11.2.8/node_modules/@intlify/shared/dist/shared.mjs?v=570cbcfd:7
[   62774ms] [WARNING] [intlify] Fall back to translate 'menu.menu' key with 'en' locale. @ http://localhost:3001/_nuxt/@fs/Users/markuswagner/projects/riddle-rush-mono-repo/node_modules/.pnpm/@intlify+shared@11.2.8/node_modules/@intlify/shared/dist/shared.mjs?v=570cbcfd:7
[   62774ms] [WARNING] [intlify] Not found 'menu.menu' key in 'en' locale messages. @ http://localhost:3001/_nuxt/@fs/Users/markuswagner/projects/riddle-rush-mono-repo/node_modules/.pnpm/@intlify+shared@11.2.8/node_modules/@intlify/shared/dist/shared.mjs?v=570cbcfd:7
[   62775ms] [WARNING] [intlify] Not found 'menu.options' key in 'de' locale messages. @ http://localhost:3001/_nuxt/@fs/Users/markuswagner/projects/riddle-rush-mono-repo/node_modules/.pnpm/@intlify+shared@11.2.8/node_modules/@intlify/shared/dist/shared.mjs?v=570cbcfd:7
[   62775ms] [WARNING] [intlify] Fall back to translate 'menu.options' key with 'en' locale. @ http://localhost:3001/_nuxt/@fs/Users/markuswagner/projects/riddle-rush-mono-repo/node_modules/.pnpm/@intlify+shared@11.2.8/node_modules/@intlify/shared/dist/shared.mjs?v=570cbcfd:7
[   62775ms] [WARNING] [intlify] Not found 'menu.options' key in 'en' locale messages. @ http://localhost:3001/_nuxt/@fs/Users/markuswagner/projects/riddle-rush-mono-repo/node_modules/.pnpm/@intlify+shared@11.2.8/node_modules/@intlify/shared/dist/shared.mjs?v=570cbcfd:7
[   62776ms] [WARNING] [intlify] Not found 'menu.menu' key in 'de' locale messages. @ http://localhost:3001/_nuxt/@fs/Users/markuswagner/projects/riddle-rush-mono-repo/node_modules/.pnpm/@intlify+shared@11.2.8/node_modules/@intlify/shared/dist/shared.mjs?v=570cbcfd:7
[   62777ms] [WARNING] [intlify] Fall back to translate 'menu.menu' key with 'en' locale. @ http://localhost:3001/_nuxt/@fs/Users/markuswagner/projects/riddle-rush-mono-repo/node_modules/.pnpm/@intlify+shared@11.2.8/node_modules/@intlify/shared/dist/shared.mjs?v=570cbcfd:7
[   62777ms] [WARNING] [intlify] Not found 'menu.menu' key in 'en' locale messages. @ http://localhost:3001/_nuxt/@fs/Users/markuswagner/projects/riddle-rush-mono-repo/node_modules/.pnpm/@intlify+shared@11.2.8/node_modules/@intlify/shared/dist/shared.mjs?v=570cbcfd:7
[   62777ms] [WARNING] [intlify] Not found 'menu.options' key in 'de' locale messages. @ http://localhost:3001/_nuxt/@fs/Users/markuswagner/projects/riddle-rush-mono-repo/node_modules/.pnpm/@intlify+shared@11.2.8/node_modules/@intlify/shared/dist/shared.mjs?v=570cbcfd:7
[   62777ms] [WARNING] [intlify] Fall back to translate 'menu.options' key with 'en' locale. @ http://localhost:3001/_nuxt/@fs/Users/markuswagner/projects/riddle-rush-mono-repo/node_modules/.pnpm/@intlify+shared@11.2.8/node_modules/@intlify/shared/dist/shared.mjs?v=570cbcfd:7
[   62777ms] [WARNING] [intlify] Not found 'menu.options' key in 'en' locale messages. @ http://localhost:3001/_nuxt/@fs/Users/markuswagner/projects/riddle-rush-mono-repo/node_modules/.pnpm/@intlify+shared@11.2.8/node_modules/@intlify/shared/dist/shared.mjs?v=570cbcfd:7
[   62778ms] [WARNING] [WARN] Failed to measure performance: page-transition SyntaxError: Failed to execute 'measure' on 'Performance': The mark 'page-transition-start' does not exist.
    at measure (http://localhost:3001/_nuxt/composables/usePerformance.ts:29:19)
    at http://localhost:3001/_nuxt/plugins/performance.client.ts:24:5
    at http://localhost:3001/_nuxt/@fs/Users/markuswagner/projects/riddle-rush-mono-repo/node_modules/.pnpm/hookable@5.5.3/node_modules/hookable/dist/index.mjs?v=570cbcfd:48:66
    at http://localhost:3001/_nuxt/@fs/Users/markuswagner/projects/riddle-rush-mono-repo/node_modules/.pnpm/hookable@5.5.3/node_modules/hookable/dist/index.mjs?v=570cbcfd:48:56
    at async onResolve (http://localhost:3001/_nuxt/@fs/Users/markuswagner/projects/riddle-rush-mono-repo/node_modules/.pnpm/nuxt@4.3.0_@parcel+watcher@2.5.1_@types+node@22.19.5_@vercel+functions@3.3.4_@aws-sdk+c_27830d78cbf124f7a1a53fc7709f21a2/node_modules/nuxt/dist/pages/runtime/page.js?v=570cbcfd:146:21) @ http://localhost:3001/_nuxt/composables/useLogger.ts:26
[   66144ms] [WARNING] [nuxt] Cannot load payload  /players/_payload.json?dev SyntaxError: Unexpected token '<', "<!DOCTYPE "... is not valid JSON
    at JSON.parse (<anonymous>)
    at parse (http://localhost:3001/_nuxt/@fs/Users/markuswagner/projects/riddle-rush-mono-repo/node_modules/.pnpm/devalue@5.6.2/node_modules/devalue/src/parse.js?v=570cbcfd:17:24)
    at parsePayload (http://localhost:3001/_nuxt/@fs/Users/markuswagner/projects/riddle-rush-mono-repo/node_modules/.pnpm/nuxt@4.3.0_@parcel+watcher@2.5.1_@types+node@22.19.5_@vercel+functions@3.3.4_@aws-sdk+c_27830d78cbf124f7a1a53fc7709f21a2/node_modules/nuxt/dist/app/composables/payload.js?v=570cbcfd:141:16)
    at async _importPayload (http://localhost:3001/_nuxt/@fs/Users/markuswagner/projects/riddle-rush-mono-repo/node_modules/.pnpm/nuxt@4.3.0_@parcel+watcher@2.5.1_@types+node@22.19.5_@vercel+functions@3.3.4_@aws-sdk+c_27830d78cbf124f7a1a53fc7709f21a2/node_modules/nuxt/dist/app/composables/payload.js?v=570cbcfd:76:12)
    at async loadPayload (http://localhost:3001/_nuxt/@fs/Users/markuswagner/projects/riddle-rush-mono-repo/node_modules/.pnpm/nuxt@4.3.0_@parcel+watcher@2.5.1_@types+node@22.19.5_@vercel+functions@3.3.4_@aws-sdk+c_27830d78cbf124f7a1a53fc7709f21a2/node_modules/nuxt/dist/app/composables/payload.js?v=570cbcfd:15:12)
    at async http://localhost:3001/_nuxt/@fs/Users/markuswagner/projects/riddle-rush-mono-repo/node_modules/.pnpm/nuxt@4.3.0_@parcel+watcher@2.5.1_@types+node@22.19.5_@vercel+functions@3.3.4_@aws-sdk+c_27830d78cbf124f7a1a53fc7709f21a2/node_modules/nuxt/dist/app/plugins/payload.client.js?v=570cbcfd:15:23 @ http://localhost:3001/_nuxt/@fs/Users/markuswagner/projects/riddle-rush-mono-repo/node_modules/.pnpm/nuxt@4.3.0_@parcel+watcher@2.5.1_@types+node@22.19.5_@vercel+functions@3.3.4_@aws-sdk+c_27830d78cbf124f7a1a53fc7709f21a2/node_modules/nuxt/dist/app/composables/payload.js?v=570cbcfd:77
[   66175ms] [WARNING] [WARN] Failed to measure performance: page-transition SyntaxError: Failed to execute 'measure' on 'Performance': The mark 'page-transition-start' does not exist.
    at measure (http://localhost:3001/_nuxt/composables/usePerformance.ts:29:19)
    at http://localhost:3001/_nuxt/plugins/performance.client.ts:24:5
    at http://localhost:3001/_nuxt/@fs/Users/markuswagner/projects/riddle-rush-mono-repo/node_modules/.pnpm/hookable@5.5.3/node_modules/hookable/dist/index.mjs?v=570cbcfd:48:66
    at http://localhost:3001/_nuxt/@fs/Users/markuswagner/projects/riddle-rush-mono-repo/node_modules/.pnpm/hookable@5.5.3/node_modules/hookable/dist/index.mjs?v=570cbcfd:48:56
    at async onResolve (http://localhost:3001/_nuxt/@fs/Users/markuswagner/projects/riddle-rush-mono-repo/node_modules/.pnpm/nuxt@4.3.0_@parcel+watcher@2.5.1_@types+node@22.19.5_@vercel+functions@3.3.4_@aws-sdk+c_27830d78cbf124f7a1a53fc7709f21a2/node_modules/nuxt/dist/pages/runtime/page.js?v=570cbcfd:146:21) @ http://localhost:3001/_nuxt/composables/useLogger.ts:26
[  181639ms] [ERROR] Creating a worker from 'blob:http://localhost:3001/8ddc573a-e2d7-4728-b816-9bb9b0f208c5' violates the following Content Security Policy directive: "script-src 'self' https: 'unsafe-inline' 'unsafe-eval'". Note that 'worker-src' was not explicitly set, so 'script-src' is used as a fallback. The action has been blocked. @ http://localhost:3001/_nuxt/@vite/client:934
[  221421ms] [ERROR] Failed to load resource: the server responded with a status of 404 (Not Found) @ http://localhost:3001/_nuxt/pages/round-start.vue:0
[  221424ms] [ERROR] [Runtime Error Handler] Unhandled promise rejection: {reason: TypeError: Failed to fetch dynamically imported module: http://localhost:3001/_nuxt/pages/round-sta…, timestamp: 2026-02-14T23:43:53.301Z} @ http://localhost:3001/_nuxt/plugins/error-sync.client.ts:33
[  221425ms] [ERROR] [Runtime Error Handler] Rejection error details: {name: TypeError, message: Failed to fetch dynamically imported module: http://localhost:3001/_nuxt/pages/round-start.vue, stack: TypeError: Failed to fetch dynamically imported mo…http://localhost:3001/_nuxt/pages/round-start.vue} @ http://localhost:3001/_nuxt/plugins/error-sync.client.ts:38
[  221436ms] Failed to fetch dynamically imported module: http://localhost:3001/_nuxt/pages/round-start.vue
[  358058ms] [WARNING] IndexedDB not available, trying localStorage: NotFoundError: Failed to execute 'transaction' on 'IDBDatabase': One of the specified object stores was not found.
    at Proxy.<anonymous> (http://localhost:3001/_nuxt/node_modules/.cache/vite/client/deps/idb.js?v=570cbcfd:102:22)
    at syncErrorsToCloudWatch (http://localhost:3001/_nuxt/composables/useErrorSync.ts:87:23) @ http://localhost:3001/_nuxt/composables/useErrorSync.ts:95
[  658013ms] [WARNING] IndexedDB not available, trying localStorage: NotFoundError: Failed to execute 'transaction' on 'IDBDatabase': One of the specified object stores was not found.
    at Proxy.<anonymous> (http://localhost:3001/_nuxt/node_modules/.cache/vite/client/deps/idb.js?v=570cbcfd:102:22)
    at syncErrorsToCloudWatch (http://localhost:3001/_nuxt/composables/useErrorSync.ts:87:23) @ http://localhost:3001/_nuxt/composables/useErrorSync.ts:95
