[    2522ms] [WARNING] [Vue warn]: Directive "motion-slide-left" has already been registered in target app. @ http://localhost:3001/_nuxt/@fs/Users/markuswagner/projects/riddle-rush-mono-repo/node_modules/.pnpm/@vue+runtime-core@3.5.26/node_modules/@vue/runtime-core/dist/runtime-core.esm-bundler.js?v=570cbcfd:49
[    2523ms] [WARNING] [Vue warn]: Directive "motion-slide-right" has already been registered in target app. @ http://localhost:3001/_nuxt/@fs/Users/markuswagner/projects/riddle-rush-mono-repo/node_modules/.pnpm/@vue+runtime-core@3.5.26/node_modules/@vue/runtime-core/dist/runtime-core.esm-bundler.js?v=570cbcfd:49
[    2523ms] [WARNING] [Vue warn]: Directive "motion-fade" has already been registered in target app. @ http://localhost:3001/_nuxt/@fs/Users/markuswagner/projects/riddle-rush-mono-repo/node_modules/.pnpm/@vue+runtime-core@3.5.26/node_modules/@vue/runtime-core/dist/runtime-core.esm-bundler.js?v=570cbcfd:49
[    2650ms] [WARNING] [WARN] [Feature Flags] GitLab Feature Flags not configured. Using fallback to local settings. @ http://localhost:3001/_nuxt/composables/useLogger.ts:26
[    2652ms] [WARNING] [Vue warn]: onUnmounted is called when there is no active component instance to be associated with. Lifecycle injection APIs can only be used during execution of setup(). If you are using async setup(), make sure to register lifecycle hooks before the first await statement. @ http://localhost:3001/_nuxt/@fs/Users/markuswagner/projects/riddle-rush-mono-repo/node_modules/.pnpm/@vue+runtime-core@3.5.26/node_modules/@vue/runtime-core/dist/runtime-core.esm-bundler.js?v=570cbcfd:49
[    2695ms] [WARNING] [nuxt] Your project has pages but the `<NuxtPage />` component has not been used. You might be using the `<RouterView />` component instead, which will not work correctly in Nuxt. You can set `pages: false` in `nuxt.config` if you do not wish to use the Nuxt `vue-router` integration. @ http://localhost:3001/_nuxt/@fs/Users/markuswagner/projects/riddle-rush-mono-repo/node_modules/.pnpm/nuxt@4.3.0_@parcel+watcher@2.5.1_@types+node@22.19.5_@vercel+functions@3.3.4_@aws-sdk+c_27830d78cbf124f7a1a53fc7709f21a2/node_modules/nuxt/dist/pages/runtime/plugins/check-if-page-unused.js?v=570cbcfd:10
[    2695ms] [WARNING] [nuxt] Your project has layouts but the `<NuxtLayout />` component has not been used. @ http://localhost:3001/_nuxt/@fs/Users/markuswagner/projects/riddle-rush-mono-repo/node_modules/.pnpm/nuxt@4.3.0_@parcel+watcher@2.5.1_@types+node@22.19.5_@vercel+functions@3.3.4_@aws-sdk+c_27830d78cbf124f7a1a53fc7709f21a2/node_modules/nuxt/dist/app/plugins/check-if-layout-used.js?v=570cbcfd:11
[    6125ms] [WARNING] [WARN] Failed to measure performance: page-transition SyntaxError: Failed to execute 'measure' on 'Performance': The mark 'page-transition-start' does not exist.
    at measure (http://localhost:3001/_nuxt/composables/usePerformance.ts:29:19)
    at http://localhost:3001/_nuxt/plugins/performance.client.ts:24:5
    at http://localhost:3001/_nuxt/@fs/Users/markuswagner/projects/riddle-rush-mono-repo/node_modules/.pnpm/hookable@5.5.3/node_modules/hookable/dist/index.mjs?v=570cbcfd:48:66
    at http://localhost:3001/_nuxt/@fs/Users/markuswagner/projects/riddle-rush-mono-repo/node_modules/.pnpm/hookable@5.5.3/node_modules/hookable/dist/index.mjs?v=570cbcfd:48:56
    at async onResolve (http://localhost:3001/_nuxt/@fs/Users/markuswagner/projects/riddle-rush-mono-repo/node_modules/.pnpm/nuxt@4.3.0_@parcel+watcher@2.5.1_@types+node@22.19.5_@vercel+functions@3.3.4_@aws-sdk+c_27830d78cbf124f7a1a53fc7709f21a2/node_modules/nuxt/dist/pages/runtime/page.js?v=570cbcfd:146:21) @ http://localhost:3001/_nuxt/composables/useLogger.ts:26
[    7065ms] [WARNING] [Vue warn]: Directive "motion-slide-left" has already been registered in target app. @ http://localhost:3001/_nuxt/@fs/Users/markuswagner/projects/riddle-rush-mono-repo/node_modules/.pnpm/@vue+runtime-core@3.5.26/node_modules/@vue/runtime-core/dist/runtime-core.esm-bundler.js?v=570cbcfd:49
[    7065ms] [WARNING] [Vue warn]: Directive "motion-slide-right" has already been registered in target app. @ http://localhost:3001/_nuxt/@fs/Users/markuswagner/projects/riddle-rush-mono-repo/node_modules/.pnpm/@vue+runtime-core@3.5.26/node_modules/@vue/runtime-core/dist/runtime-core.esm-bundler.js?v=570cbcfd:49
[    7065ms] [WARNING] [Vue warn]: Directive "motion-fade" has already been registered in target app. @ http://localhost:3001/_nuxt/@fs/Users/markuswagner/projects/riddle-rush-mono-repo/node_modules/.pnpm/@vue+runtime-core@3.5.26/node_modules/@vue/runtime-core/dist/runtime-core.esm-bundler.js?v=570cbcfd:49
[    7116ms] [WARNING] [WARN] [Feature Flags] GitLab Feature Flags not configured. Using fallback to local settings. @ http://localhost:3001/_nuxt/composables/useLogger.ts:26
[    7116ms] [WARNING] [Vue warn]: onUnmounted is called when there is no active component instance to be associated with. Lifecycle injection APIs can only be used during execution of setup(). If you are using async setup(), make sure to register lifecycle hooks before the first await statement. @ http://localhost:3001/_nuxt/@fs/Users/markuswagner/projects/riddle-rush-mono-repo/node_modules/.pnpm/@vue+runtime-core@3.5.26/node_modules/@vue/runtime-core/dist/runtime-core.esm-bundler.js?v=570cbcfd:49
[    7137ms] [WARNING] [nuxt] Your project has pages but the `<NuxtPage />` component has not been used. You might be using the `<RouterView />` component instead, which will not work correctly in Nuxt. You can set `pages: false` in `nuxt.config` if you do not wish to use the Nuxt `vue-router` integration. @ http://localhost:3001/_nuxt/@fs/Users/markuswagner/projects/riddle-rush-mono-repo/node_modules/.pnpm/nuxt@4.3.0_@parcel+watcher@2.5.1_@types+node@22.19.5_@vercel+functions@3.3.4_@aws-sdk+c_27830d78cbf124f7a1a53fc7709f21a2/node_modules/nuxt/dist/pages/runtime/plugins/check-if-page-unused.js?v=570cbcfd:10
[    7137ms] [WARNING] [nuxt] Your project has layouts but the `<NuxtLayout />` component has not been used. @ http://localhost:3001/_nuxt/@fs/Users/markuswagner/projects/riddle-rush-mono-repo/node_modules/.pnpm/nuxt@4.3.0_@parcel+watcher@2.5.1_@types+node@22.19.5_@vercel+functions@3.3.4_@aws-sdk+c_27830d78cbf124f7a1a53fc7709f21a2/node_modules/nuxt/dist/app/plugins/check-if-layout-used.js?v=570cbcfd:11
[   10531ms] [WARNING] [WARN] Failed to measure performance: page-transition SyntaxError: Failed to execute 'measure' on 'Performance': The mark 'page-transition-start' does not exist.
    at measure (http://localhost:3001/_nuxt/composables/usePerformance.ts:29:19)
    at http://localhost:3001/_nuxt/plugins/performance.client.ts:24:5
    at http://localhost:3001/_nuxt/@fs/Users/markuswagner/projects/riddle-rush-mono-repo/node_modules/.pnpm/hookable@5.5.3/node_modules/hookable/dist/index.mjs?v=570cbcfd:48:66
    at http://localhost:3001/_nuxt/@fs/Users/markuswagner/projects/riddle-rush-mono-repo/node_modules/.pnpm/hookable@5.5.3/node_modules/hookable/dist/index.mjs?v=570cbcfd:48:56
    at async onResolve (http://localhost:3001/_nuxt/@fs/Users/markuswagner/projects/riddle-rush-mono-repo/node_modules/.pnpm/nuxt@4.3.0_@parcel+watcher@2.5.1_@types+node@22.19.5_@vercel+functions@3.3.4_@aws-sdk+c_27830d78cbf124f7a1a53fc7709f21a2/node_modules/nuxt/dist/pages/runtime/page.js?v=570cbcfd:146:21) @ http://localhost:3001/_nuxt/composables/useLogger.ts:26
