[    2735ms] [WARNING] [Vue warn]: Directive "motion-slide-left" has already been registered in target app. @ http://localhost:3001/_nuxt/@fs/Users/markuswagner/projects/riddle-rush-mono-repo/node_modules/.pnpm/@vue+runtime-core@3.5.26/node_modules/@vue/runtime-core/dist/runtime-core.esm-bundler.js?v=570cbcfd:49
[    2736ms] [WARNING] [Vue warn]: Directive "motion-slide-right" has already been registered in target app. @ http://localhost:3001/_nuxt/@fs/Users/markuswagner/projects/riddle-rush-mono-repo/node_modules/.pnpm/@vue+runtime-core@3.5.26/node_modules/@vue/runtime-core/dist/runtime-core.esm-bundler.js?v=570cbcfd:49
[    2736ms] [WARNING] [Vue warn]: Directive "motion-fade" has already been registered in target app. @ http://localhost:3001/_nuxt/@fs/Users/markuswagner/projects/riddle-rush-mono-repo/node_modules/.pnpm/@vue+runtime-core@3.5.26/node_modules/@vue/runtime-core/dist/runtime-core.esm-bundler.js?v=570cbcfd:49
[    2736ms] [WARNING] [intlify] Legacy API mode has been deprecated in v11. Use Composition API mode instead.
About how to use the Composition API mode, see https://vue-i18n.intlify.dev/guide/advanced/composition.html @ http://localhost:3001/_nuxt/@fs/Users/markuswagner/projects/riddle-rush-mono-repo/node_modules/.pnpm/@intlify+shared@11.2.8/node_modules/@intlify/shared/dist/shared.mjs?v=570cbcfd:7
[    2744ms] [WARNING] [WARN] [Feature Flags] GitLab Feature Flags not configured. Using fallback to local settings. @ http://localhost:3001/_nuxt/composables/useLogger.ts:26
[    2745ms] [WARNING] [Vue warn]: onUnmounted is called when there is no active component instance to be associated with. Lifecycle injection APIs can only be used during execution of setup(). If you are using async setup(), make sure to register lifecycle hooks before the first await statement. @ http://localhost:3001/_nuxt/@fs/Users/markuswagner/projects/riddle-rush-mono-repo/node_modules/.pnpm/@vue+runtime-core@3.5.26/node_modules/@vue/runtime-core/dist/runtime-core.esm-bundler.js?v=570cbcfd:49
[    3254ms] [WARNING] [nuxt] Your project has pages but the `<NuxtPage />` component has not been used. You might be using the `<RouterView />` component instead, which will not work correctly in Nuxt. You can set `pages: false` in `nuxt.config` if you do not wish to use the Nuxt `vue-router` integration. @ http://localhost:3001/_nuxt/@fs/Users/markuswagner/projects/riddle-rush-mono-repo/node_modules/.pnpm/nuxt@4.3.0_@parcel+watcher@2.5.1_@types+node@22.19.5_@vercel+functions@3.3.4_@aws-sdk+c_27830d78cbf124f7a1a53fc7709f21a2/node_modules/nuxt/dist/pages/runtime/plugins/check-if-page-unused.js?v=570cbcfd:10
[    3254ms] [WARNING] [nuxt] Your project has layouts but the `<NuxtLayout />` component has not been used. @ http://localhost:3001/_nuxt/@fs/Users/markuswagner/projects/riddle-rush-mono-repo/node_modules/.pnpm/nuxt@4.3.0_@parcel+watcher@2.5.1_@types+node@22.19.5_@vercel+functions@3.3.4_@aws-sdk+c_27830d78cbf124f7a1a53fc7709f21a2/node_modules/nuxt/dist/app/plugins/check-if-layout-used.js?v=570cbcfd:11
[    7274ms] [WARNING] [intlify] Not found 'menu.play' key in 'de' locale messages. @ http://localhost:3001/_nuxt/@fs/Users/markuswagner/projects/riddle-rush-mono-repo/node_modules/.pnpm/@intlify+shared@11.2.8/node_modules/@intlify/shared/dist/shared.mjs?v=570cbcfd:7
[    7277ms] [WARNING] [intlify] Not found 'menu.menu' key in 'de' locale messages. @ http://localhost:3001/_nuxt/@fs/Users/markuswagner/projects/riddle-rush-mono-repo/node_modules/.pnpm/@intlify+shared@11.2.8/node_modules/@intlify/shared/dist/shared.mjs?v=570cbcfd:7
[    7277ms] [WARNING] [intlify] Not found 'menu.options' key in 'de' locale messages. @ http://localhost:3001/_nuxt/@fs/Users/markuswagner/projects/riddle-rush-mono-repo/node_modules/.pnpm/@intlify+shared@11.2.8/node_modules/@intlify/shared/dist/shared.mjs?v=570cbcfd:7
[    7277ms] [WARNING] [intlify] Not found 'menu.credits' key in 'de' locale messages. @ http://localhost:3001/_nuxt/@fs/Users/markuswagner/projects/riddle-rush-mono-repo/node_modules/.pnpm/@intlify+shared@11.2.8/node_modules/@intlify/shared/dist/shared.mjs?v=570cbcfd:7
[    7284ms] [WARNING] [WARN] Failed to measure performance: page-transition SyntaxError: Failed to execute 'measure' on 'Performance': The mark 'page-transition-start' does not exist.
    at measure (http://localhost:3001/_nuxt/composables/usePerformance.ts:29:19)
    at http://localhost:3001/_nuxt/plugins/performance.client.ts:24:5
    at http://localhost:3001/_nuxt/@fs/Users/markuswagner/projects/riddle-rush-mono-repo/node_modules/.pnpm/hookable@5.5.3/node_modules/hookable/dist/index.mjs?v=570cbcfd:48:66
    at http://localhost:3001/_nuxt/@fs/Users/markuswagner/projects/riddle-rush-mono-repo/node_modules/.pnpm/hookable@5.5.3/node_modules/hookable/dist/index.mjs?v=570cbcfd:48:56
    at async onResolve (http://localhost:3001/_nuxt/@fs/Users/markuswagner/projects/riddle-rush-mono-repo/node_modules/.pnpm/nuxt@4.3.0_@parcel+watcher@2.5.1_@types+node@22.19.5_@vercel+functions@3.3.4_@aws-sdk+c_27830d78cbf124f7a1a53fc7709f21a2/node_modules/nuxt/dist/pages/runtime/page.js?v=570cbcfd:146:21) @ http://localhost:3001/_nuxt/composables/useLogger.ts:26
[   64439ms] [WARNING] [nuxt] Cannot load payload  /players/_payload.json?dev SyntaxError: Unexpected token '<', "<!DOCTYPE "... is not valid JSON
    at JSON.parse (<anonymous>)
    at parse (http://localhost:3001/_nuxt/@fs/Users/markuswagner/projects/riddle-rush-mono-repo/node_modules/.pnpm/devalue@5.6.2/node_modules/devalue/src/parse.js?v=570cbcfd:17:24)
    at parsePayload (http://localhost:3001/_nuxt/@fs/Users/markuswagner/projects/riddle-rush-mono-repo/node_modules/.pnpm/nuxt@4.3.0_@parcel+watcher@2.5.1_@types+node@22.19.5_@vercel+functions@3.3.4_@aws-sdk+c_27830d78cbf124f7a1a53fc7709f21a2/node_modules/nuxt/dist/app/composables/payload.js?v=570cbcfd:141:16)
    at async _importPayload (http://localhost:3001/_nuxt/@fs/Users/markuswagner/projects/riddle-rush-mono-repo/node_modules/.pnpm/nuxt@4.3.0_@parcel+watcher@2.5.1_@types+node@22.19.5_@vercel+functions@3.3.4_@aws-sdk+c_27830d78cbf124f7a1a53fc7709f21a2/node_modules/nuxt/dist/app/composables/payload.js?v=570cbcfd:76:12)
    at async loadPayload (http://localhost:3001/_nuxt/@fs/Users/markuswagner/projects/riddle-rush-mono-repo/node_modules/.pnpm/nuxt@4.3.0_@parcel+watcher@2.5.1_@types+node@22.19.5_@vercel+functions@3.3.4_@aws-sdk+c_27830d78cbf124f7a1a53fc7709f21a2/node_modules/nuxt/dist/app/composables/payload.js?v=570cbcfd:15:12)
    at async http://localhost:3001/_nuxt/@fs/Users/markuswagner/projects/riddle-rush-mono-repo/node_modules/.pnpm/nuxt@4.3.0_@parcel+watcher@2.5.1_@types+node@22.19.5_@vercel+functions@3.3.4_@aws-sdk+c_27830d78cbf124f7a1a53fc7709f21a2/node_modules/nuxt/dist/app/plugins/payload.client.js?v=570cbcfd:15:23 @ http://localhost:3001/_nuxt/@fs/Users/markuswagner/projects/riddle-rush-mono-repo/node_modules/.pnpm/nuxt@4.3.0_@parcel+watcher@2.5.1_@types+node@22.19.5_@vercel+functions@3.3.4_@aws-sdk+c_27830d78cbf124f7a1a53fc7709f21a2/node_modules/nuxt/dist/app/composables/payload.js?v=570cbcfd:77
[   64462ms] [WARNING] [intlify] Not found 'players.title' key in 'de' locale messages. @ http://localhost:3001/_nuxt/@fs/Users/markuswagner/projects/riddle-rush-mono-repo/node_modules/.pnpm/@intlify+shared@11.2.8/node_modules/@intlify/shared/dist/shared.mjs?v=570cbcfd:7
[   64462ms] [WARNING] [intlify] Not found 'players.description' key in 'de' locale messages. @ http://localhost:3001/_nuxt/@fs/Users/markuswagner/projects/riddle-rush-mono-repo/node_modules/.pnpm/@intlify+shared@11.2.8/node_modules/@intlify/shared/dist/shared.mjs?v=570cbcfd:7
[   64464ms] [WARNING] [intlify] Not found 'players.count_label' key in 'de' locale messages. @ http://localhost:3001/_nuxt/@fs/Users/markuswagner/projects/riddle-rush-mono-repo/node_modules/.pnpm/@intlify+shared@11.2.8/node_modules/@intlify/shared/dist/shared.mjs?v=570cbcfd:7
[   64464ms] [WARNING] [intlify] Not found 'players.decrease' key in 'de' locale messages. @ http://localhost:3001/_nuxt/@fs/Users/markuswagner/projects/riddle-rush-mono-repo/node_modules/.pnpm/@intlify+shared@11.2.8/node_modules/@intlify/shared/dist/shared.mjs?v=570cbcfd:7
[   64464ms] [WARNING] [intlify] Not found 'players.count_label' key in 'de' locale messages. @ http://localhost:3001/_nuxt/@fs/Users/markuswagner/projects/riddle-rush-mono-repo/node_modules/.pnpm/@intlify+shared@11.2.8/node_modules/@intlify/shared/dist/shared.mjs?v=570cbcfd:7
[   64464ms] [WARNING] [intlify] Not found 'players.increase' key in 'de' locale messages. @ http://localhost:3001/_nuxt/@fs/Users/markuswagner/projects/riddle-rush-mono-repo/node_modules/.pnpm/@intlify+shared@11.2.8/node_modules/@intlify/shared/dist/shared.mjs?v=570cbcfd:7
[   64465ms] [WARNING] [intlify] Not found 'common.back' key in 'de' locale messages. @ http://localhost:3001/_nuxt/@fs/Users/markuswagner/projects/riddle-rush-mono-repo/node_modules/.pnpm/@intlify+shared@11.2.8/node_modules/@intlify/shared/dist/shared.mjs?v=570cbcfd:7
[   64465ms] [WARNING] [intlify] Not found 'players.title' key in 'de' locale messages. @ http://localhost:3001/_nuxt/@fs/Users/markuswagner/projects/riddle-rush-mono-repo/node_modules/.pnpm/@intlify+shared@11.2.8/node_modules/@intlify/shared/dist/shared.mjs?v=570cbcfd:7
[   64467ms] [WARNING] [intlify] Not found 'players.placeholder' key in 'de' locale messages. @ http://localhost:3001/_nuxt/@fs/Users/markuswagner/projects/riddle-rush-mono-repo/node_modules/.pnpm/@intlify+shared@11.2.8/node_modules/@intlify/shared/dist/shared.mjs?v=570cbcfd:7
[   64467ms] [WARNING] [intlify] Not found 'players.placeholder' key in 'de' locale messages. @ http://localhost:3001/_nuxt/@fs/Users/markuswagner/projects/riddle-rush-mono-repo/node_modules/.pnpm/@intlify+shared@11.2.8/node_modules/@intlify/shared/dist/shared.mjs?v=570cbcfd:7
[   64467ms] [WARNING] [intlify] Not found 'players.placeholder' key in 'de' locale messages. @ http://localhost:3001/_nuxt/@fs/Users/markuswagner/projects/riddle-rush-mono-repo/node_modules/.pnpm/@intlify+shared@11.2.8/node_modules/@intlify/shared/dist/shared.mjs?v=570cbcfd:7
[   64467ms] [WARNING] [intlify] Not found 'players.placeholder' key in 'de' locale messages. @ http://localhost:3001/_nuxt/@fs/Users/markuswagner/projects/riddle-rush-mono-repo/node_modules/.pnpm/@intlify+shared@11.2.8/node_modules/@intlify/shared/dist/shared.mjs?v=570cbcfd:7
[   64467ms] [WARNING] [intlify] Not found 'players.placeholder' key in 'de' locale messages. @ http://localhost:3001/_nuxt/@fs/Users/markuswagner/projects/riddle-rush-mono-repo/node_modules/.pnpm/@intlify+shared@11.2.8/node_modules/@intlify/shared/dist/shared.mjs?v=570cbcfd:7
[   64467ms] [WARNING] [intlify] Not found 'players.placeholder' key in 'de' locale messages. @ http://localhost:3001/_nuxt/@fs/Users/markuswagner/projects/riddle-rush-mono-repo/node_modules/.pnpm/@intlify+shared@11.2.8/node_modules/@intlify/shared/dist/shared.mjs?v=570cbcfd:7
[   64467ms] [WARNING] [intlify] Not found 'players.placeholder' key in 'de' locale messages. @ http://localhost:3001/_nuxt/@fs/Users/markuswagner/projects/riddle-rush-mono-repo/node_modules/.pnpm/@intlify+shared@11.2.8/node_modules/@intlify/shared/dist/shared.mjs?v=570cbcfd:7
[   64468ms] [WARNING] [intlify] Not found 'players.placeholder' key in 'de' locale messages. @ http://localhost:3001/_nuxt/@fs/Users/markuswagner/projects/riddle-rush-mono-repo/node_modules/.pnpm/@intlify+shared@11.2.8/node_modules/@intlify/shared/dist/shared.mjs?v=570cbcfd:7
[   64468ms] [WARNING] [intlify] Not found 'players.placeholder' key in 'de' locale messages. @ http://localhost:3001/_nuxt/@fs/Users/markuswagner/projects/riddle-rush-mono-repo/node_modules/.pnpm/@intlify+shared@11.2.8/node_modules/@intlify/shared/dist/shared.mjs?v=570cbcfd:7
[   64468ms] [WARNING] [intlify] Not found 'players.placeholder' key in 'de' locale messages. @ http://localhost:3001/_nuxt/@fs/Users/markuswagner/projects/riddle-rush-mono-repo/node_modules/.pnpm/@intlify+shared@11.2.8/node_modules/@intlify/shared/dist/shared.mjs?v=570cbcfd:7
[   64468ms] [WARNING] [intlify] Not found 'players.placeholder' key in 'de' locale messages. @ http://localhost:3001/_nuxt/@fs/Users/markuswagner/projects/riddle-rush-mono-repo/node_modules/.pnpm/@intlify+shared@11.2.8/node_modules/@intlify/shared/dist/shared.mjs?v=570cbcfd:7
[   64468ms] [WARNING] [intlify] Not found 'players.placeholder' key in 'de' locale messages. @ http://localhost:3001/_nuxt/@fs/Users/markuswagner/projects/riddle-rush-mono-repo/node_modules/.pnpm/@intlify+shared@11.2.8/node_modules/@intlify/shared/dist/shared.mjs?v=570cbcfd:7
[   64468ms] [WARNING] [intlify] Not found 'players.placeholder' key in 'de' locale messages. @ http://localhost:3001/_nuxt/@fs/Users/markuswagner/projects/riddle-rush-mono-repo/node_modules/.pnpm/@intlify+shared@11.2.8/node_modules/@intlify/shared/dist/shared.mjs?v=570cbcfd:7
[   64468ms] [WARNING] [intlify] Not found 'players.placeholder' key in 'de' locale messages. @ http://localhost:3001/_nuxt/@fs/Users/markuswagner/projects/riddle-rush-mono-repo/node_modules/.pnpm/@intlify+shared@11.2.8/node_modules/@intlify/shared/dist/shared.mjs?v=570cbcfd:7
[   64469ms] [WARNING] [intlify] Not found 'players.placeholder' key in 'de' locale messages. @ http://localhost:3001/_nuxt/@fs/Users/markuswagner/projects/riddle-rush-mono-repo/node_modules/.pnpm/@intlify+shared@11.2.8/node_modules/@intlify/shared/dist/shared.mjs?v=570cbcfd:7
[   64469ms] [WARNING] [intlify] Not found 'players.placeholder' key in 'de' locale messages. @ http://localhost:3001/_nuxt/@fs/Users/markuswagner/projects/riddle-rush-mono-repo/node_modules/.pnpm/@intlify+shared@11.2.8/node_modules/@intlify/shared/dist/shared.mjs?v=570cbcfd:7
[   64471ms] [WARNING] [intlify] Not found 'players.start' key in 'de' locale messages. @ http://localhost:3001/_nuxt/@fs/Users/markuswagner/projects/riddle-rush-mono-repo/node_modules/.pnpm/@intlify+shared@11.2.8/node_modules/@intlify/shared/dist/shared.mjs?v=570cbcfd:7
[   64476ms] [WARNING] [intlify] Not found 'players.title' key in 'de' locale messages. @ http://localhost:3001/_nuxt/@fs/Users/markuswagner/projects/riddle-rush-mono-repo/node_modules/.pnpm/@intlify+shared@11.2.8/node_modules/@intlify/shared/dist/shared.mjs?v=570cbcfd:7
[   64476ms] [WARNING] [intlify] Not found 'players.description' key in 'de' locale messages. @ http://localhost:3001/_nuxt/@fs/Users/markuswagner/projects/riddle-rush-mono-repo/node_modules/.pnpm/@intlify+shared@11.2.8/node_modules/@intlify/shared/dist/shared.mjs?v=570cbcfd:7
[   64491ms] [WARNING] [intlify] Not found 'players.count_label' key in 'de' locale messages. @ http://localhost:3001/_nuxt/@fs/Users/markuswagner/projects/riddle-rush-mono-repo/node_modules/.pnpm/@intlify+shared@11.2.8/node_modules/@intlify/shared/dist/shared.mjs?v=570cbcfd:7
[   64491ms] [WARNING] [intlify] Not found 'players.decrease' key in 'de' locale messages. @ http://localhost:3001/_nuxt/@fs/Users/markuswagner/projects/riddle-rush-mono-repo/node_modules/.pnpm/@intlify+shared@11.2.8/node_modules/@intlify/shared/dist/shared.mjs?v=570cbcfd:7
[   64492ms] [WARNING] [intlify] Not found 'players.count_label' key in 'de' locale messages. @ http://localhost:3001/_nuxt/@fs/Users/markuswagner/projects/riddle-rush-mono-repo/node_modules/.pnpm/@intlify+shared@11.2.8/node_modules/@intlify/shared/dist/shared.mjs?v=570cbcfd:7
[   64492ms] [WARNING] [intlify] Not found 'players.increase' key in 'de' locale messages. @ http://localhost:3001/_nuxt/@fs/Users/markuswagner/projects/riddle-rush-mono-repo/node_modules/.pnpm/@intlify+shared@11.2.8/node_modules/@intlify/shared/dist/shared.mjs?v=570cbcfd:7
[   64492ms] [WARNING] [intlify] Not found 'common.back' key in 'de' locale messages. @ http://localhost:3001/_nuxt/@fs/Users/markuswagner/projects/riddle-rush-mono-repo/node_modules/.pnpm/@intlify+shared@11.2.8/node_modules/@intlify/shared/dist/shared.mjs?v=570cbcfd:7
[   64492ms] [WARNING] [intlify] Not found 'players.title' key in 'de' locale messages. @ http://localhost:3001/_nuxt/@fs/Users/markuswagner/projects/riddle-rush-mono-repo/node_modules/.pnpm/@intlify+shared@11.2.8/node_modules/@intlify/shared/dist/shared.mjs?v=570cbcfd:7
[   64492ms] [WARNING] [intlify] Not found 'players.placeholder' key in 'de' locale messages. @ http://localhost:3001/_nuxt/@fs/Users/markuswagner/projects/riddle-rush-mono-repo/node_modules/.pnpm/@intlify+shared@11.2.8/node_modules/@intlify/shared/dist/shared.mjs?v=570cbcfd:7
[   64492ms] [WARNING] [intlify] Not found 'players.placeholder' key in 'de' locale messages. @ http://localhost:3001/_nuxt/@fs/Users/markuswagner/projects/riddle-rush-mono-repo/node_modules/.pnpm/@intlify+shared@11.2.8/node_modules/@intlify/shared/dist/shared.mjs?v=570cbcfd:7
[   64492ms] [WARNING] [intlify] Not found 'players.placeholder' key in 'de' locale messages. @ http://localhost:3001/_nuxt/@fs/Users/markuswagner/projects/riddle-rush-mono-repo/node_modules/.pnpm/@intlify+shared@11.2.8/node_modules/@intlify/shared/dist/shared.mjs?v=570cbcfd:7
[   64493ms] [WARNING] [intlify] Not found 'players.placeholder' key in 'de' locale messages. @ http://localhost:3001/_nuxt/@fs/Users/markuswagner/projects/riddle-rush-mono-repo/node_modules/.pnpm/@intlify+shared@11.2.8/node_modules/@intlify/shared/dist/shared.mjs?v=570cbcfd:7
[   64493ms] [WARNING] [intlify] Not found 'players.placeholder' key in 'de' locale messages. @ http://localhost:3001/_nuxt/@fs/Users/markuswagner/projects/riddle-rush-mono-repo/node_modules/.pnpm/@intlify+shared@11.2.8/node_modules/@intlify/shared/dist/shared.mjs?v=570cbcfd:7
[   64493ms] [WARNING] [intlify] Not found 'players.placeholder' key in 'de' locale messages. @ http://localhost:3001/_nuxt/@fs/Users/markuswagner/projects/riddle-rush-mono-repo/node_modules/.pnpm/@intlify+shared@11.2.8/node_modules/@intlify/shared/dist/shared.mjs?v=570cbcfd:7
[   64493ms] [WARNING] [intlify] Not found 'players.placeholder' key in 'de' locale messages. @ http://localhost:3001/_nuxt/@fs/Users/markuswagner/projects/riddle-rush-mono-repo/node_modules/.pnpm/@intlify+shared@11.2.8/node_modules/@intlify/shared/dist/shared.mjs?v=570cbcfd:7
[   64493ms] [WARNING] [intlify] Not found 'players.placeholder' key in 'de' locale messages. @ http://localhost:3001/_nuxt/@fs/Users/markuswagner/projects/riddle-rush-mono-repo/node_modules/.pnpm/@intlify+shared@11.2.8/node_modules/@intlify/shared/dist/shared.mjs?v=570cbcfd:7
[   64494ms] [WARNING] [intlify] Not found 'players.placeholder' key in 'de' locale messages. @ http://localhost:3001/_nuxt/@fs/Users/markuswagner/projects/riddle-rush-mono-repo/node_modules/.pnpm/@intlify+shared@11.2.8/node_modules/@intlify/shared/dist/shared.mjs?v=570cbcfd:7
[   64494ms] [WARNING] [intlify] Not found 'players.placeholder' key in 'de' locale messages. @ http://localhost:3001/_nuxt/@fs/Users/markuswagner/projects/riddle-rush-mono-repo/node_modules/.pnpm/@intlify+shared@11.2.8/node_modules/@intlify/shared/dist/shared.mjs?v=570cbcfd:7
[   64494ms] [WARNING] [intlify] Not found 'players.placeholder' key in 'de' locale messages. @ http://localhost:3001/_nuxt/@fs/Users/markuswagner/projects/riddle-rush-mono-repo/node_modules/.pnpm/@intlify+shared@11.2.8/node_modules/@intlify/shared/dist/shared.mjs?v=570cbcfd:7
[   64494ms] [WARNING] [intlify] Not found 'players.placeholder' key in 'de' locale messages. @ http://localhost:3001/_nuxt/@fs/Users/markuswagner/projects/riddle-rush-mono-repo/node_modules/.pnpm/@intlify+shared@11.2.8/node_modules/@intlify/shared/dist/shared.mjs?v=570cbcfd:7
[   64494ms] [WARNING] [intlify] Not found 'players.placeholder' key in 'de' locale messages. @ http://localhost:3001/_nuxt/@fs/Users/markuswagner/projects/riddle-rush-mono-repo/node_modules/.pnpm/@intlify+shared@11.2.8/node_modules/@intlify/shared/dist/shared.mjs?v=570cbcfd:7
[   64494ms] [WARNING] [intlify] Not found 'players.placeholder' key in 'de' locale messages. @ http://localhost:3001/_nuxt/@fs/Users/markuswagner/projects/riddle-rush-mono-repo/node_modules/.pnpm/@intlify+shared@11.2.8/node_modules/@intlify/shared/dist/shared.mjs?v=570cbcfd:7
[   64495ms] [WARNING] [intlify] Not found 'players.placeholder' key in 'de' locale messages. @ http://localhost:3001/_nuxt/@fs/Users/markuswagner/projects/riddle-rush-mono-repo/node_modules/.pnpm/@intlify+shared@11.2.8/node_modules/@intlify/shared/dist/shared.mjs?v=570cbcfd:7
[   64495ms] [WARNING] [intlify] Not found 'players.placeholder' key in 'de' locale messages. @ http://localhost:3001/_nuxt/@fs/Users/markuswagner/projects/riddle-rush-mono-repo/node_modules/.pnpm/@intlify+shared@11.2.8/node_modules/@intlify/shared/dist/shared.mjs?v=570cbcfd:7
[   64495ms] [WARNING] [intlify] Not found 'players.start' key in 'de' locale messages. @ http://localhost:3001/_nuxt/@fs/Users/markuswagner/projects/riddle-rush-mono-repo/node_modules/.pnpm/@intlify+shared@11.2.8/node_modules/@intlify/shared/dist/shared.mjs?v=570cbcfd:7
[   64558ms] [WARNING] [WARN] Failed to measure performance: page-transition SyntaxError: Failed to execute 'measure' on 'Performance': The mark 'page-transition-start' does not exist.
    at measure (http://localhost:3001/_nuxt/composables/usePerformance.ts:29:19)
    at http://localhost:3001/_nuxt/plugins/performance.client.ts:24:5
    at http://localhost:3001/_nuxt/@fs/Users/markuswagner/projects/riddle-rush-mono-repo/node_modules/.pnpm/hookable@5.5.3/node_modules/hookable/dist/index.mjs?v=570cbcfd:48:66
    at http://localhost:3001/_nuxt/@fs/Users/markuswagner/projects/riddle-rush-mono-repo/node_modules/.pnpm/hookable@5.5.3/node_modules/hookable/dist/index.mjs?v=570cbcfd:48:56
    at async onResolve (http://localhost:3001/_nuxt/@fs/Users/markuswagner/projects/riddle-rush-mono-repo/node_modules/.pnpm/nuxt@4.3.0_@parcel+watcher@2.5.1_@types+node@22.19.5_@vercel+functions@3.3.4_@aws-sdk+c_27830d78cbf124f7a1a53fc7709f21a2/node_modules/nuxt/dist/pages/runtime/page.js?v=570cbcfd:146:21) @ http://localhost:3001/_nuxt/composables/useLogger.ts:26
[  150681ms] [ERROR] Creating a worker from 'blob:http://localhost:3001/15fcd295-d505-4fec-9b38-7f79826bd3fc' violates the following Content Security Policy directive: "script-src 'self' https: 'unsafe-inline' 'unsafe-eval'". Note that 'worker-src' was not explicitly set, so 'script-src' is used as a fallback. The action has been blocked. @ http://localhost:3001/_nuxt/@vite/client:934
